// Jest Snapshot v1, https://goo.gl/fbAQLP

exports[`orderHistore component test-suit should match snapshot 1`] = `<Connect(OrderHistoryComponent) />`;
