// Jest Snapshot v1, https://goo.gl/fbAQLP

exports[`Footer Component should shallow the footer component! 1`] = `
<footer
  className="footer"
>
  <p
    className="ash"
  >
    An Andela project by Edogbo Sunny | Â©
    2019
  </p>
</footer>
`;
