// Jest Snapshot v1, https://goo.gl/fbAQLP

exports[`App should match snapshot 1`] = `
<Provider
  store={
    Object {
      "dispatch": [Function],
      "getState": [Function],
      "replaceReducer": [Function],
      "subscribe": [Function],
      Symbol(observable): [Function],
    }
  }
>
  <BrowserRouter>
    <div>
      <Connect(withRouter(Navbar)) />
      <Switch>
        <Route
          component={[Function]}
          exact={true}
          path="/"
        />
      </Switch>
      <Switch>
        <Route
          component={[Function]}
          exact={true}
          path="/login"
        />
        <Route
          component={[Function]}
          exact={true}
          path="/signup"
        />
        <Route
          component={[Function]}
          exact={true}
          path="/order-history"
        />
      </Switch>
      <Footer />
    </div>
  </BrowserRouter>
</Provider>
`;
