// Jest Snapshot v1, https://goo.gl/fbAQLP

exports[`Spinner Test should render spinner 1`] = `""`;
