// Jest Snapshot v1, https://goo.gl/fbAQLP

exports[`Spinner Test should render spinner 1`] = `
<div>
  <img
    alt="LOADING..."
    src="test-file-stub"
    style={
      Object {
        "display": "block",
        "margin": "auto",
        "width": "200px",
      }
    }
  />
</div>
`;
