// Jest Snapshot v1, https://goo.gl/fbAQLP

exports[`Login page should mount the login page 1`] = `<withRouter(Connect(SignupCard)) />`;
